// Jest Snapshot v1, https://goo.gl/fbAQLP

exports[`<LinkListContainer /> should render correctly 1`] = `<LinkList />`;
