// Jest Snapshot v1, https://goo.gl/fbAQLP

exports[`<LinkList /> should render correctly 1`] = `<div />`;
