// Jest Snapshot v1, https://goo.gl/fbAQLP

exports[`<HomePage /> should render correctly 1`] = `
<div>
  <withReducer(withSaga(Connect(NavigationContainer))) />
  <withReducer(withSaga(Connect(LinkListContainer))) />
</div>
`;
